2026-03-16 23:50:48,250 - INFO - 应用初始化完成
2026-03-16 23:50:58,659 - INFO - 正在加载图像: D:/wx_camera_1771566170028.jpg
2026-03-16 23:50:58,713 - INFO - 图像加载成功: wx_camera_1771566170028.jpg (900x1600)
2026-03-16 23:50:58,714 - INFO - 图像容器已清理
2026-03-16 23:50:58,715 - INFO - 保存历史记录: 打开图像, 当前索引: 0
2026-03-16 23:50:58,906 - INFO - ✅ 已加载: wx_camera_1771566170028.jpg (900x1600)
2026-03-16 23:51:08,140 - INFO - 👁️ 显示模式: 原图
2026-03-16 23:51:09,391 - INFO - 👁️ 显示模式: 效果图
2026-03-16 23:51:29,007 - INFO - 进入裁剪模式
2026-03-16 23:51:29,015 - INFO - ✂️ 裁剪模式: 请在图像上拖拽选择区域
2026-03-16 23:51:50,072 - INFO - 保存历史记录: 裁剪, 当前索引: 1
2026-03-16 23:51:50,072 - INFO - 裁剪完成: (29, 186) -> (863, 1306)
2026-03-16 23:51:50,073 - INFO - ✅ 裁剪完成
2026-03-16 23:52:07,129 - INFO - 正在保存图像: D:/2.jpg
2026-03-16 23:52:07,142 - INFO - 图像保存成功: 2.jpg
2026-03-16 23:52:07,143 - INFO - ✅ 已保存: 2.jpg
2026-03-16 23:53:55,472 - INFO - 图像容器已清理
2026-03-16 23:53:55,475 - INFO - 处理缓存已清除
2026-03-16 23:53:55,475 - INFO - 应用资源已清理
2026-03-16 23:54:07,323 - INFO - 应用初始化完成
2026-03-16 23:54:15,144 - INFO - 正在加载图像: D:/wx_camera_1770479657578.jpg
2026-03-16 23:54:15,175 - INFO - 图像加载成功: wx_camera_1770479657578.jpg (900x1600)
2026-03-16 23:54:15,176 - INFO - 图像容器已清理
2026-03-16 23:54:15,177 - INFO - 保存历史记录: 打开图像, 当前索引: 0
2026-03-16 23:54:15,330 - INFO - ✅ 已加载: wx_camera_1770479657578.jpg (900x1600)
2026-03-16 23:54:17,479 - INFO - 进入裁剪模式
2026-03-16 23:54:17,479 - INFO - ✂️ 裁剪模式: 拖拽选择区域 | 框选后可拖动8个控制点调整
2026-03-16 23:54:31,075 - INFO - 开始调整裁剪框: tm
2026-03-16 23:54:31,183 - INFO - 完成调整裁剪框
2026-03-16 23:54:32,402 - INFO - 开始调整裁剪框: tm
2026-03-16 23:54:35,183 - INFO - 完成调整裁剪框
2026-03-16 23:54:38,928 - INFO - 保存历史记录: 裁剪, 当前索引: 1
2026-03-16 23:54:38,929 - INFO - 裁剪完成: (32, 248) -> (852, 861)
2026-03-16 23:54:38,930 - INFO - ✅ 裁剪完成
2026-03-16 23:54:50,617 - INFO - 👁️ 显示模式: 原图
2026-03-16 23:54:53,247 - INFO - 👁️ 显示模式: 效果图
2026-03-16 23:54:57,754 - INFO - 正在加载图像: D:/wx_camera_1771566170028.jpg
2026-03-16 23:54:57,770 - INFO - 图像加载成功: wx_camera_1771566170028.jpg (900x1600)
2026-03-16 23:54:57,772 - INFO - 图像容器已清理
2026-03-16 23:54:57,774 - INFO - 保存历史记录: 打开图像, 当前索引: 0
2026-03-16 23:54:57,775 - INFO - ✅ 已加载: wx_camera_1771566170028.jpg (900x1600)
2026-03-16 23:55:01,736 - INFO - 进入裁剪模式
2026-03-16 23:55:01,736 - INFO - ✂️ 裁剪模式: 拖拽选择区域 | 框选后可拖动8个控制点调整
2026-03-16 23:55:07,807 - INFO - 开始调整裁剪框: bm
2026-03-16 23:55:08,943 - INFO - 完成调整裁剪框
2026-03-16 23:55:11,155 - INFO - 开始调整裁剪框: tm
2026-03-16 23:55:12,167 - INFO - 完成调整裁剪框
2026-03-16 23:55:14,649 - INFO - 开始调整裁剪框: ml
2026-03-16 23:55:17,007 - INFO - 完成调整裁剪框
2026-03-16 23:55:18,320 - INFO - 保存历史记录: 裁剪, 当前索引: 1
2026-03-16 23:55:18,321 - INFO - 裁剪完成: (47, 205) -> (816, 1304)
2026-03-16 23:55:18,321 - INFO - ✅ 裁剪完成
2026-03-16 23:55:24,223 - INFO - 正在保存图像: D:/2.jpg
2026-03-16 23:55:24,233 - INFO - 图像保存成功: 2.jpg
2026-03-16 23:55:24,234 - INFO - ✅ 已保存: 2.jpg
2026-03-16 23:55:48,426 - INFO - 正在保存图像: D:/2.jpg
2026-03-16 23:55:48,438 - INFO - 图像保存成功: 2.jpg
2026-03-16 23:55:48,439 - INFO - ✅ 已保存: 2.jpg
2026-03-16 23:56:32,961 - INFO - 图像容器已清理
2026-03-16 23:56:32,962 - INFO - 处理缓存已清除
2026-03-16 23:56:32,962 - INFO - 应用资源已清理
2026-03-16 23:56:47,095 - INFO - 应用初始化完成
2026-03-16 23:56:53,676 - INFO - 正在加载图像: D:/wx_camera_1771566170028.jpg
2026-03-16 23:56:53,705 - INFO - 图像加载成功: wx_camera_1771566170028.jpg (900x1600)
2026-03-16 23:56:53,706 - INFO - 图像容器已清理
2026-03-16 23:56:53,707 - INFO - 保存历史记录: 打开图像, 当前索引: 0
2026-03-16 23:56:53,842 - INFO - ✅ 已加载: wx_camera_1771566170028.jpg (900x1600)
2026-03-16 23:56:56,630 - INFO - 进入裁剪模式
2026-03-16 23:56:56,631 - INFO - ✂️ 裁剪模式: 拖拽选择区域 | 框选后可拖动8个控制点调整
2026-03-16 23:57:04,689 - INFO - 开始调整裁剪框: ml
2026-03-16 23:57:07,560 - INFO - 完成调整裁剪框
2026-03-16 23:57:09,832 - INFO - 保存历史记录: 裁剪, 当前索引: 1
2026-03-16 23:57:09,833 - INFO - 裁剪完成: (38, 194) -> (826, 1302)
2026-03-16 23:57:09,834 - INFO - ✅ 裁剪完成
2026-03-16 23:57:13,410 - INFO - 正在保存图像: D:/2.jpg
2026-03-16 23:57:13,420 - INFO - 图像保存成功: 2.jpg
2026-03-16 23:57:13,421 - INFO - ✅ 已保存: 2.jpg
2026-03-16 23:57:31,520 - INFO - 图像容器已清理
2026-03-16 23:57:31,521 - INFO - 处理缓存已清除
2026-03-16 23:57:31,522 - INFO - 应用资源已清理
2026-03-16 23:58:05,262 - INFO - 应用初始化完成
2026-03-16 23:58:14,722 - INFO - 正在加载图像: D:/wx_camera_1771566170028.jpg
2026-03-16 23:58:14,752 - INFO - 图像加载成功: wx_camera_1771566170028.jpg (900x1600)
2026-03-16 23:58:14,753 - INFO - 图像容器已清理
2026-03-16 23:58:14,754 - INFO - 保存历史记录: 打开图像, 当前索引: 0
2026-03-16 23:58:14,889 - INFO - ✅ 已加载: wx_camera_1771566170028.jpg (900x1600)
2026-03-16 23:58:15,775 - INFO - 进入裁剪模式
2026-03-16 23:58:15,780 - INFO - ✂️ 裁剪模式: 拖拽选择区域 | 框选后可拖动8个控制点调整
2026-03-16 23:58:24,178 - INFO - 开始调整裁剪框: bm
2026-03-16 23:58:26,479 - INFO - 完成调整裁剪框
2026-03-16 23:58:28,720 - INFO - 保存历史记录: 裁剪, 当前索引: 1
2026-03-16 23:58:28,721 - INFO - 裁剪完成: (44, 197) -> (820, 1304)
2026-03-16 23:58:28,721 - INFO - ✅ 裁剪完成
2026-03-16 23:58:32,457 - INFO - 正在保存图像: D:/2.jpg
2026-03-16 23:58:32,469 - INFO - 图像保存成功: 2.jpg
2026-03-16 23:58:32,470 - INFO - ✅ 已保存: 2.jpg
2026-03-16 23:58:59,168 - INFO - 图像容器已清理
2026-03-16 23:58:59,170 - INFO - 处理缓存已清除
2026-03-16 23:58:59,171 - INFO - 应用资源已清理
